Signature {
   r: 0xd729c9a44d939a041c35c735e665695b8fb34b0b03d22797b60c348fddaecb5f
   s: 0xf934f40db090876c17c562148f1f33c06e0d019e0e4409956aa1f9957a32832a
}