Key {
d: 0x828f61640d9d585b06d4a45fc986e331ea4e2c81e2af7f9af316c597895736c8
Q: 0x04ab97bfa6a2afa9777647fd394553a1a7b494f817b14529468de1b5247915535240b9acbf058b0389ab35689e98337643002f28f0ca402e88dc25a2c9d41de132
}